PLINK v1.90b7 64-bit (16 Jan 2023)
Options in effect:
  --allow-extra-chr
  --bfile Plink/Datos/datQC/Paso_8
  --cow
  --ld-snp-list Imputacion/Beagle/Datos/Precision/nomGen.txt
  --ld-window 99999
  --ld-window-kb 100
  --ld-window-r2 0.2
  --out expo_Cartagena/Datos/Paso_2
  --r2

Hostname: leonardo
Working directory: /home/leonardo/Escritorio/Doc_p1
Start time: Wed May  8 17:45:01 2024

Random number seed: 1715183101
7816 MB RAM detected; reserving 3908 MB for main workspace.
43421 variants loaded from .bim file.
2894 cattle (455 males, 2437 females, 2 ambiguous) loaded from .fam.
Ambiguous sex IDs written to expo_Cartagena/Datos/Paso_2.nosex .
Using up to 4 threads (change this with --threads).
Before main variant filters, 1618 founders and 1276 nonfounders present.
Calculating allele frequencies... done.
Total genotyping rate is 0.989758.
43421 variants and 2894 cattle pass filters and QC.
Note: No phenotypes present.
--r2 to expo_Cartagena/Datos/Paso_2.ld ... done.

End time: Wed May  8 17:45:02 2024
